Archive member included because of file (symbol)

L:\CAS\PSE\Workspaces\Mio\V7\Lib_CMSIS\Debug\libLib_CMSIS.a(lpc17xx_gpio.o)
                              ./src/main_kbd.o (GPIO_SetDir)
L:\CAS\PSE\Workspaces\Mio\V7\Lib_CMSIS\Debug\libLib_CMSIS.a(lpc17xx_pinsel.o)
                              ./src/RC5.o (PINSEL_ConfigPin)
L:\CAS\PSE\Workspaces\Mio\V7\Lib_CMSIS\Debug\libLib_CMSIS.a(lpc17xx_timer.o)
                              ./src/RC5.o (TIM_ClearIntCapturePending)
L:\CAS\PSE\Workspaces\Mio\V7\Lib_CMSIS\Debug\libLib_CMSIS.a(system_LPC17xx.o)
                              ./src/cr_startup_lpc176x.o (SystemInit)
L:\CAS\PSE\Workspaces\Mio\V7\Lib_CMSIS\Debug\libLib_CMSIS.a(lpc17xx_clkpwr.o)
                              L:\CAS\PSE\Workspaces\Mio\V7\Lib_CMSIS\Debug\libLib_CMSIS.a(lpc17xx_timer.o) (CLKPWR_SetPCLKDiv)
L:\CAS\PSE\Workspaces\Mio\V7\Lib_CMSIS\Debug\libLib_CMSIS.a(lpc17xx_libcfg_default.o)
                              L:\CAS\PSE\Workspaces\Mio\V7\Lib_CMSIS\Debug\libLib_CMSIS.a(lpc17xx_timer.o) (check_failed)
L:\CAS\PSE\Workspaces\Mio\V7\LPCUSB_Stack\Debug\libLPCUSB_Stack.a(usbcontrol.o)
                              ./src/main_kbd.o (USBRegisterRequestHandler)
L:\CAS\PSE\Workspaces\Mio\V7\LPCUSB_Stack\Debug\libLPCUSB_Stack.a(usbhw_lpc.o)
                              ./src/main_kbd.o (USBHwRegisterEPIntHandler)
L:\CAS\PSE\Workspaces\Mio\V7\LPCUSB_Stack\Debug\libLPCUSB_Stack.a(usbinit.o)
                              ./src/main_kbd.o (USBInit)
L:\CAS\PSE\Workspaces\Mio\V7\LPCUSB_Stack\Debug\libLPCUSB_Stack.a(usbstdreq.o)
                              ./src/main_kbd.o (USBRegisterDescriptors)
c:/nxp/lpcxpresso_4.0.6_152/lpcxpresso/tools/bin/../lib/gcc/arm-none-eabi/4.5.1/../../../../arm-none-eabi/lib/thumb2\libcr_semihost.a(_cr__main.o)
                              ./src/cr_startup_lpc176x.o (__main)
c:/nxp/lpcxpresso_4.0.6_152/lpcxpresso/tools/bin/../lib/gcc/arm-none-eabi/4.5.1/../../../../arm-none-eabi/lib/thumb2\libcr_c.a(fpprintf.o)
                              ./src/main_kbd.o (printf)
c:/nxp/lpcxpresso_4.0.6_152/lpcxpresso/tools/bin/../lib/gcc/arm-none-eabi/4.5.1/../../../../arm-none-eabi/lib/thumb2\libcr_c.a(initio.o)
                              c:/nxp/lpcxpresso_4.0.6_152/lpcxpresso/tools/bin/../lib/gcc/arm-none-eabi/4.5.1/../../../../arm-none-eabi/lib/thumb2\libcr_semihost.a(_cr__main.o) (_initio)
c:/nxp/lpcxpresso_4.0.6_152/lpcxpresso/tools/bin/../lib/gcc/arm-none-eabi/4.5.1/../../../../arm-none-eabi/lib/thumb2\libcr_c.a(printf.o)
                              c:/nxp/lpcxpresso_4.0.6_152/lpcxpresso/tools/bin/../lib/gcc/arm-none-eabi/4.5.1/../../../../arm-none-eabi/lib/thumb2\libcr_c.a(fpprintf.o) (__vfprintf)
c:/nxp/lpcxpresso_4.0.6_152/lpcxpresso/tools/bin/../lib/gcc/arm-none-eabi/4.5.1/../../../../arm-none-eabi/lib/thumb2\libcr_c.a(setvbuf.o)
                              c:/nxp/lpcxpresso_4.0.6_152/lpcxpresso/tools/bin/../lib/gcc/arm-none-eabi/4.5.1/../../../../arm-none-eabi/lib/thumb2\libcr_c.a(initio.o) (setvbuf)
c:/nxp/lpcxpresso_4.0.6_152/lpcxpresso/tools/bin/../lib/gcc/arm-none-eabi/4.5.1/../../../../arm-none-eabi/lib/thumb2\libcr_c.a(stdio.o)
                              c:/nxp/lpcxpresso_4.0.6_152/lpcxpresso/tools/bin/../lib/gcc/arm-none-eabi/4.5.1/../../../../arm-none-eabi/lib/thumb2\libcr_c.a(fpprintf.o) (__Ciob)
c:/nxp/lpcxpresso_4.0.6_152/lpcxpresso/tools/bin/../lib/gcc/arm-none-eabi/4.5.1/../../../../arm-none-eabi/lib/thumb2\libcr_c.a(strlen.o)
                              c:/nxp/lpcxpresso_4.0.6_152/lpcxpresso/tools/bin/../lib/gcc/arm-none-eabi/4.5.1/../../../../arm-none-eabi/lib/thumb2\libcr_c.a(printf.o) (strlen)
c:/nxp/lpcxpresso_4.0.6_152/lpcxpresso/tools/bin/../lib/gcc/arm-none-eabi/4.5.1/../../../../arm-none-eabi/lib/thumb2\libcr_c.a(memset.o)
                              c:/nxp/lpcxpresso_4.0.6_152/lpcxpresso/tools/bin/../lib/gcc/arm-none-eabi/4.5.1/../../../../arm-none-eabi/lib/thumb2\libcr_c.a(fpprintf.o) (memset)
c:/nxp/lpcxpresso_4.0.6_152/lpcxpresso/tools/bin/../lib/gcc/arm-none-eabi/4.5.1/../../../../arm-none-eabi/lib/thumb2\libcr_c.a(__fillbuf.o)
                              c:/nxp/lpcxpresso_4.0.6_152/lpcxpresso/tools/bin/../lib/gcc/arm-none-eabi/4.5.1/../../../../arm-none-eabi/lib/thumb2\libcr_c.a(stdio.o) (__filbuf)
c:/nxp/lpcxpresso_4.0.6_152/lpcxpresso/tools/bin/../lib/gcc/arm-none-eabi/4.5.1/../../../../arm-none-eabi/lib/thumb2\libcr_c.a(_deferredlazyseek.o)
                              c:/nxp/lpcxpresso_4.0.6_152/lpcxpresso/tools/bin/../lib/gcc/arm-none-eabi/4.5.1/../../../../arm-none-eabi/lib/thumb2\libcr_c.a(__fillbuf.o) (_deferredlazyseek)
c:/nxp/lpcxpresso_4.0.6_152/lpcxpresso/tools/bin/../lib/gcc/arm-none-eabi/4.5.1/../../../../arm-none-eabi/lib/thumb2\libcr_c.a(_fdopen.o)
                              c:/nxp/lpcxpresso_4.0.6_152/lpcxpresso/tools/bin/../lib/gcc/arm-none-eabi/4.5.1/../../../../arm-none-eabi/lib/thumb2\libcr_c.a(initio.o) (_fdopen)
[...]
Memory Configuration

Name             Origin             Length             Attributes
MFlash512        0x00000000         0x00080000         xr
RamLoc32         0x10000000         0x00008000         xrw
RamAHB32         0x2007c000         0x00008000         xrw
*default*        0x00000000         0xffffffff

Linker script and memory map

LOAD ./src/RC5.o
LOAD ./src/cr_startup_lpc176x.o
LOAD ./src/main_kbd.o
LOAD L:\CAS\PSE\Workspaces\Mio\V7\Lib_CMSIS\Debug\libLib_CMSIS.a
LOAD L:\CAS\PSE\Workspaces\Mio\V7\LPCUSB_Stack\Debug\libLPCUSB_Stack.a
START GROUP
LOAD c:/nxp/lpcxpresso_4.0.6_152/lpcxpresso/tools/bin/../lib/gcc/arm-none-eabi/4.5.1/../../../../arm-none-eabi/lib/thumb2\libcr_semihost.a
LOAD c:/nxp/lpcxpresso_4.0.6_152/lpcxpresso/tools/bin/../lib/gcc/arm-none-eabi/4.5.1/../../../../arm-none-eabi/lib/thumb2\libcr_c.a
LOAD c:/nxp/lpcxpresso_4.0.6_152/lpcxpresso/tools/bin/../lib/gcc/arm-none-eabi/4.5.1/thumb2\libcr_eabihelpers.a
END GROUP
                0x00080000                __top_MFlash512 = 0x80000
                0x10008000                __top_RamLoc32 = 0x10008000
                0x20084000                __top_RamAHB32 = 0x20084000

.text           0x00000000     0x6940
 FILL mask 0xff
 *(.isr_vector)
 .isr_vector    0x00000000       0xcc ./src/cr_startup_lpc176x.o
                0x00000000                g_pfnVectors
                0x000000cc                . = ALIGN (0x4)
                0x000000cc                __section_table_start = .
                0x000000cc                __data_section_table = .
                0x000000cc        0x4 LONG 0x6940 LOADADDR (.data)
                0x000000d0        0x4 LONG 0x10000000 ADDR (.data)
                0x000000d4        0x4 LONG 0x4c SIZEOF (.data)
                0x000000d8        0x4 LONG 0x6940 LOADADDR (.data_RAM2)
                0x000000dc        0x4 LONG 0x2007c000 ADDR (.data_RAM2)
                0x000000e0        0x4 LONG 0x0 SIZEOF (.data_RAM2)
                0x000000e4                __data_section_table_end = .
                0x000000e4                __bss_section_table = .
                0x000000e4        0x4 LONG 0x1000004c ADDR (.bss)
                0x000000e8        0x4 LONG 0x244 SIZEOF (.bss)
                0x000000ec        0x4 LONG 0x2007c000 ADDR (.bss_RAM2)
                0x000000f0        0x4 LONG 0x0 SIZEOF (.bss_RAM2)
                0x000000f4                __bss_section_table_end = .
                0x000000f4                __section_table_end = .
 *(.after_vectors*)
 .after_vectors
                0x000000f4       0x78 ./src/cr_startup_lpc176x.o
                0x000000f4                NMI_Handler
                0x000000f6                HardFault_Handler
                0x000000f8                MemManage_Handler
                0x000000fa                BusFault_Handler
                0x000000fc                UsageFault_Handler
                0x000000fe                SVCall_Handler
                0x00000100                DebugMon_Handler
                0x00000102                PendSV_Handler
                0x00000104                SysTick_Handler
                0x00000106                data_init
                0x00000118                bss_init
                0x00000128                ResetISR
                0x00000168                EINT2_IRQHandler
                0x00000168                UART1_IRQHandler
                0x00000168                EINT3_IRQHandler
                0x00000168                CANActivity_IRQHandler
                0x00000168                TIMER3_IRQHandler
                0x00000168                UART0_IRQHandler
                0x00000168                I2C1_IRQHandler
                0x00000168                RIT_IRQHandler
                0x00000168                IntDefaultHandler
                0x00000168                PLL0_IRQHandler
                0x00000168                I2C0_IRQHandler
                0x00000168                PLL1_IRQHandler
                0x00000168                PWM1_IRQHandler
                0x00000168                I2S_IRQHandler
                0x00000168                I2C2_IRQHandler
                0x00000168                RTC_IRQHandler
                0x00000168                SPI_IRQHandler
                0x00000168                USBActivity_IRQHandler
                0x00000168                EINT1_IRQHandler
                0x00000168                TIMER1_IRQHandler
                0x00000168                UART2_IRQHandler
                0x00000168                ADC_IRQHandler
                0x00000168                SSP1_IRQHandler
                0x00000168                USB_IRQHandler
                0x00000168                BOD_IRQHandler
                0x00000168                TIMER2_IRQHandler
                0x00000168                WDT_IRQHandler
                0x00000168                QEI_IRQHandler
                0x00000168                EINT0_IRQHandler
                0x00000168                SSP0_IRQHandler
                0x00000168                DMA_IRQHandler
                0x00000168                CAN_IRQHandler
                0x00000168                UART3_IRQHandler
                0x00000168                MCPWM_IRQHandler
                0x00000168                ENET_IRQHandler
                0x000002fc                . = 0x2fc
 *fill*         0x0000016c      0x190 ff
                0x000002fc                PROVIDE (__CRP_WORD_START__, .)
 *(.crp)
 .crp           0x000002fc        0x4 ./src/main_kbd.o
                0x000002fc                CRP_WORD
                0x00000300                PROVIDE (__CRP_WORD_END__, .)
                0x00000001                ASSERT (! ((__CRP_WORD_START__ == __CRP_WORD_END__)), Linker CRP Enabled, but no CRP_WORD provided within application)
 *(.text*)
 .text.NVIC_EnableIRQ
                0x00000300       0x38 ./src/RC5.o
 .text.NVIC_SetPriority
                0x00000338       0x5c ./src/RC5.o
 .text.RC5_Shift_Bit
                0x00000394      0x110 ./src/RC5.o
                0x00000394                RC5_Shift_Bit
 .text.RC5_Decode
                0x000004a4      0x1e0 ./src/RC5.o
                0x000004a4                RC5_Decode
 .text.TIMER0_IRQHandler
                0x00000684      0x208 ./src/RC5.o
                0x00000684                TIMER0_IRQHandler
 .text.RC5_Init
                0x0000088c      0x168 ./src/RC5.o
                0x0000088c                RC5_Init
 .text.HandleClassRequest
                0x000009f4       0x7c ./src/main_kbd.o
 .text.HIDHandleStdReq
                0x00000a70       0x74 ./src/main_kbd.o
 .text.HandleFrame
                0x00000ae4       0x74 ./src/main_kbd.o
 .text.HIDDKbdInputReport_Initialize
                0x00000b58       0x54 ./src/main_kbd.o
                0x00000b58                HIDDKbdInputReport_Initialize
 .text.main     0x00000bac      0x208 ./src/main_kbd.o
                0x00000bac                main
 .text          0x00000db4      0x8b8 L:\CAS\PSE\Workspaces\Mio\V7\Lib_CMSIS\Debug\libLib_CMSIS.a(lpc17xx_gpio.o)
                0x00000f28                GPIO_SetDir
                0x00000f78                GPIO_SetValue
                0x00000fa4                GPIO_ClearValue
                0x00000fd0                GPIO_ReadValue
                0x00001000                GPIO_IntCmd
                0x00001084                GPIO_GetIntStatus
                0x00001144                GPIO_ClearInt
                0x00001184                FIO_SetDir
                0x000011ac                FIO_SetValue
                0x000011cc                FIO_ClearValue
                0x000011ec                FIO_ReadValue
                0x0000120c                FIO_IntCmd
                0x00001234                FIO_GetIntStatus
                0x00001260                FIO_ClearInt
                0x00001280                FIO_SetMask
                0x000012d0                FIO_HalfWordSetDir
                0x0000136c                FIO_HalfWordSetMask
                0x00001408                FIO_HalfWordSetValue
                0x00001448                FIO_HalfWordClearValue
                0x00001488                FIO_HalfWordReadValue
                0x000014cc                FIO_ByteSetDir
                0x0000153c                FIO_ByteSetMask
                0x000015b4                FIO_ByteSetValue
                0x000015f0                FIO_ByteClearValue
                0x0000162c                FIO_ByteReadValue
 .text          0x0000166c      0x2a4 L:\CAS\PSE\Workspaces\Mio\V7\Lib_CMSIS\Debug\libLib_CMSIS.a(lpc17xx_pinsel.o)
                0x0000182c                PINSEL_ConfigTraceFunc
                0x00001880                PINSEL_SetI2C0Pins
                0x000018bc                PINSEL_ConfigPin
 .text          0x00001910      0xbe8 L:\CAS\PSE\Workspaces\Mio\V7\Lib_CMSIS\Debug\libLib_CMSIS.a(lpc17xx_timer.o)
                0x00001a48                TIM_GetIntStatus
                0x00001b04                TIM_GetIntCaptureStatus
                0x00001bc4                TIM_ClearIntPending
                0x00001c6c                TIM_ClearIntCapturePending
                0x00001d18                TIM_ConfigStructInit
                0x00001d58                TIM_Init
                0x00001f30                TIM_DeInit
                0x00002000                TIM_Cmd
                0x0000207c                TIM_ResetCounter
                0x000020ec                TIM_ConfigMatch
                0x000022bc                TIM_UpdateMatchValue
                0x0000235c                TIM_ConfigCapture
                0x0000246c                TIM_GetCaptureValue
 .text          0x000024f8      0x468 L:\CAS\PSE\Workspaces\Mio\V7\Lib_CMSIS\Debug\libLib_CMSIS.a(system_LPC17xx.o)
                0x000024f8                SystemCoreClockUpdate
                0x00002720                SystemInit
 .text          0x00002960      0x2b8 L:\CAS\PSE\Workspaces\Mio\V7\Lib_CMSIS\Debug\libLib_CMSIS.a(lpc17xx_clkpwr.o)
                0x0000296c                CLKPWR_SetPCLKDiv
                0x00002a40                CLKPWR_GetPCLKSEL
                0x00002a94                CLKPWR_GetPCLK
                0x00002b04                CLKPWR_ConfigPPWR
                0x00002b84                CLKPWR_Sleep
                0x00002ba0                CLKPWR_DeepSleep
                0x00002bc8                CLKPWR_PowerDown
                0x00002bf0                CLKPWR_DeepPowerDown
 .text          0x00002c18        0xc L:\CAS\PSE\Workspaces\Mio\V7\Lib_CMSIS\Debug\libLib_CMSIS.a(lpc17xx_libcfg_default.o)
                0x00002c18                check_failed
 .text._HandleRequest
                0x00002c24       0x50 L:\CAS\PSE\Workspaces\Mio\V7\LPCUSB_Stack\Debug\libLPCUSB_Stack.a(usbcontrol.o)
 .text.StallControlPipe
                0x00002c74       0x40 L:\CAS\PSE\Workspaces\Mio\V7\LPCUSB_Stack\Debug\libLPCUSB_Stack.a(usbcontrol.o)
 .text.DataIn   0x00002cb4       0x68 L:\CAS\PSE\Workspaces\Mio\V7\LPCUSB_Stack\Debug\libLPCUSB_Stack.a(usbcontrol.o)
 .text.USBHandleControlTransfer
                0x00002d1c      0x214 L:\CAS\PSE\Workspaces\Mio\V7\LPCUSB_Stack\Debug\libLPCUSB_Stack.a(usbcontrol.o)
                0x00002d1c                USBHandleControlTransfer
 .text.USBRegisterRequestHandler
                0x00002f30       0x38 L:\CAS\PSE\Workspaces\Mio\V7\LPCUSB_Stack\Debug\libLPCUSB_Stack.a(usbcontrol.o)
                0x00002f30                USBRegisterRequestHandler
 .text.Wait4DevInt
                0x00002f68       0x3c L:\CAS\PSE\Workspaces\Mio\V7\LPCUSB_Stack\Debug\libLPCUSB_Stack.a(usbhw_lpc.o)
 .text.USBHwCmd
                0x00002fa4       0x40 L:\CAS\PSE\Workspaces\Mio\V7\LPCUSB_Stack\Debug\libLPCUSB_Stack.a(usbhw_lpc.o)
 .text.USBHwCmdWrite
                0x00002fe4       0x3c L:\CAS\PSE\Workspaces\Mio\V7\LPCUSB_Stack\Debug\libLPCUSB_Stack.a(usbhw_lpc.o)
 .text.USBHwCmdRead
                0x00003020       0x48 L:\CAS\PSE\Workspaces\Mio\V7\LPCUSB_Stack\Debug\libLPCUSB_Stack.a(usbhw_lpc.o)
 .text.USBHwEPRealize
                0x00003068       0x60 L:\CAS\PSE\Workspaces\Mio\V7\LPCUSB_Stack\Debug\libLPCUSB_Stack.a(usbhw_lpc.o)
 .text.USBHwEPEnable
                0x000030c8       0x38 L:\CAS\PSE\Workspaces\Mio\V7\LPCUSB_Stack\Debug\libLPCUSB_Stack.a(usbhw_lpc.o)
 .text.USBHwEPConfig
                0x00003100       0x44 L:\CAS\PSE\Workspaces\Mio\V7\LPCUSB_Stack\Debug\libLPCUSB_Stack.a(usbhw_lpc.o)
                0x00003100                USBHwEPConfig
 .text.USBHwRegisterEPIntHandler
                0x00003144       0x90 L:\CAS\PSE\Workspaces\Mio\V7\LPCUSB_Stack\Debug\libLPCUSB_Stack.a(usbhw_lpc.o)
                0x00003144                USBHwRegisterEPIntHandler
 .text.USBHwRegisterDevIntHandler
                0x000031d4       0x3c L:\CAS\PSE\Workspaces\Mio\V7\LPCUSB_Stack\Debug\libLPCUSB_Stack.a(usbhw_lpc.o)
                0x000031d4                USBHwRegisterDevIntHandler
 .text.USBHwRegisterFrameHandler
                0x00003210       0x3c L:\CAS\PSE\Workspaces\Mio\V7\LPCUSB_Stack\Debug\libLPCUSB_Stack.a(usbhw_lpc.o)
                0x00003210                USBHwRegisterFrameHandler
 .text.USBHwSetAddress
                0x0000324c       0x24 L:\CAS\PSE\Workspaces\Mio\V7\LPCUSB_Stack\Debug\libLPCUSB_Stack.a(usbhw_lpc.o)
                0x0000324c                USBHwSetAddress
 .text.USBHwConnect
                0x00003270       0x28 L:\CAS\PSE\Workspaces\Mio\V7\LPCUSB_Stack\Debug\libLPCUSB_Stack.a(usbhw_lpc.o)
                0x00003270                USBHwConnect
 .text.USBHwNakIntEnable
                0x00003298       0x20 L:\CAS\PSE\Workspaces\Mio\V7\LPCUSB_Stack\Debug\libLPCUSB_Stack.a(usbhw_lpc.o)
                0x00003298                USBHwNakIntEnable
 .text.USBHwEPGetStatus
                0x000032b8       0x38 L:\CAS\PSE\Workspaces\Mio\V7\LPCUSB_Stack\Debug\libLPCUSB_Stack.a(usbhw_lpc.o)
                0x000032b8                USBHwEPGetStatus
 .text.USBHwEPStall
                0x000032f0       0x50 L:\CAS\PSE\Workspaces\Mio\V7\LPCUSB_Stack\Debug\libLPCUSB_Stack.a(usbhw_lpc.o)
                0x000032f0                USBHwEPStall
 .text.USBHwEPWrite
                0x00003340       0xc8 L:\CAS\PSE\Workspaces\Mio\V7\LPCUSB_Stack\Debug\libLPCUSB_Stack.a(usbhw_lpc.o)
                0x00003340                USBHwEPWrite
 .text.USBHwEPRead
                0x00003408       0xfc L:\CAS\PSE\Workspaces\Mio\V7\LPCUSB_Stack\Debug\libLPCUSB_Stack.a(usbhw_lpc.o)
                0x00003408                USBHwEPRead
 .text.USBHwConfigDevice
                0x00003504       0x28 L:\CAS\PSE\Workspaces\Mio\V7\LPCUSB_Stack\Debug\libLPCUSB_Stack.a(usbhw_lpc.o)
                0x00003504                USBHwConfigDevice
 .text.USBHwISR
                0x0000352c      0x198 L:\CAS\PSE\Workspaces\Mio\V7\LPCUSB_Stack\Debug\libLPCUSB_Stack.a(usbhw_lpc.o)
                0x0000352c                USBHwISR
 .text.USBHwInit
                0x000036c4      0x150 L:\CAS\PSE\Workspaces\Mio\V7\LPCUSB_Stack\Debug\libLPCUSB_Stack.a(usbhw_lpc.o)
                0x000036c4                USBHwInit
 .text.HandleUsbReset
                0x00003814       0x14 L:\CAS\PSE\Workspaces\Mio\V7\LPCUSB_Stack\Debug\libLPCUSB_Stack.a(usbinit.o)
 .text.USBInit  0x00003828       0x6c L:\CAS\PSE\Workspaces\Mio\V7\LPCUSB_Stack\Debug\libLPCUSB_Stack.a(usbinit.o)
                0x00003828                USBInit
 .text.USBRegisterDescriptors
                0x00003894       0x20 L:\CAS\PSE\Workspaces\Mio\V7\LPCUSB_Stack\Debug\libLPCUSB_Stack.a(usbstdreq.o)
                0x00003894                USBRegisterDescriptors
 .text.USBGetDescriptor
                0x000038b4       0xb0 L:\CAS\PSE\Workspaces\Mio\V7\LPCUSB_Stack\Debug\libLPCUSB_Stack.a(usbstdreq.o)
                0x000038b4                USBGetDescriptor
 .text.USBSetConfiguration
                0x00003964       0xe0 L:\CAS\PSE\Workspaces\Mio\V7\LPCUSB_Stack\Debug\libLPCUSB_Stack.a(usbstdreq.o)
 .text.HandleStdDeviceReq
                0x00003a44       0xf4 L:\CAS\PSE\Workspaces\Mio\V7\LPCUSB_Stack\Debug\libLPCUSB_Stack.a(usbstdreq.o)
 .text.HandleStdInterfaceReq
                0x00003b38       0xb4 L:\CAS\PSE\Workspaces\Mio\V7\LPCUSB_Stack\Debug\libLPCUSB_Stack.a(usbstdreq.o)
 .text.HandleStdEndPointReq
                0x00003bec       0xe4 L:\CAS\PSE\Workspaces\Mio\V7\LPCUSB_Stack\Debug\libLPCUSB_Stack.a(usbstdreq.o)
 .text.USBHandleStandardRequest
                0x00003cd0       0x84 L:\CAS\PSE\Workspaces\Mio\V7\LPCUSB_Stack\Debug\libLPCUSB_Stack.a(usbstdreq.o)
                0x00003cd0                USBHandleStandardRequest
 .text.USBRegisterCustomReqHandler
                0x00003d54       0x20 L:\CAS\PSE\Workspaces\Mio\V7\LPCUSB_Stack\Debug\libLPCUSB_Stack.a(usbstdreq.o)
                0x00003d54                USBRegisterCustomReqHandler
 .text.__main   0x00003d74       0x14 c:/nxp/lpcxpresso_4.0.6_152/lpcxpresso/tools/bin/../lib/gcc/arm-none-eabi/4.5.1/../../../../arm-none-eabi/lib/thumb2\libcr_semihost.a(_cr__main.o)
                0x00003d74                __CR_SEMIHOST
                0x00003d74                __main
 .text.fp_round
                0x00003d88       0x56 c:/nxp/lpcxpresso_4.0.6_152/lpcxpresso/tools/bin/../lib/gcc/arm-none-eabi/4.5.1/../../../../arm-none-eabi/lib/thumb2\libcr_c.a(fpprintf.o)
 .text.lose_trailing_zeros
                0x00003dde       0x1e c:/nxp/lpcxpresso_4.0.6_152/lpcxpresso/tools/bin/../lib/gcc/arm-none-eabi/4.5.1/../../../../arm-none-eabi/lib/thumb2\libcr_c.a(fpprintf.o)
 .text.pr_dec.clone.0
                0x00003dfc       0x24 c:/nxp/lpcxpresso_4.0.6_152/lpcxpresso/tools/bin/../lib/gcc/arm-none-eabi/4.5.1/../../../../arm-none-eabi/lib/thumb2\libcr_c.a(fpprintf.o)
 .text.sprintf  0x00003e20       0x70 c:/nxp/lpcxpresso_4.0.6_152/lpcxpresso/tools/bin/../lib/gcc/arm-none-eabi/4.5.1/../../../../arm-none-eabi/lib/thumb2\libcr_c.a(fpprintf.o)
                0x00003e20                sprintf
 .text.fp_display
                0x00003e90      0x918 c:/nxp/lpcxpresso_4.0.6_152/lpcxpresso/tools/bin/../lib/gcc/arm-none-eabi/4.5.1/../../../../arm-none-eabi/lib/thumb2\libcr_c.a(fpprintf.o)
 .text.vsnprintf
                0x000047a8       0x5c c:/nxp/lpcxpresso_4.0.6_152/lpcxpresso/tools/bin/../lib/gcc/arm-none-eabi/4.5.1/../../../../arm-none-eabi/lib/thumb2\libcr_c.a(fpprintf.o)
                0x000047a8                vsnprintf
 .text.printf   0x00004804       0x50 c:/nxp/lpcxpresso_4.0.6_152/lpcxpresso/tools/bin/../lib/gcc/arm-none-eabi/4.5.1/../../../../arm-none-eabi/lib/thumb2\libcr_c.a(fpprintf.o)
                0x00004804                printf
 .text._initio  0x00004854       0x9c c:/nxp/lpcxpresso_4.0.6_152/lpcxpresso/tools/bin/../lib/gcc/arm-none-eabi/4.5.1/../../../../arm-none-eabi/lib/thumb2\libcr_c.a(initio.o)
                0x00004854                _initio
 .text.__vfprintf
                0x000048f0      0xc3c c:/nxp/lpcxpresso_4.0.6_152/lpcxpresso/tools/bin/../lib/gcc/arm-none-eabi/4.5.1/../../../../arm-none-eabi/lib/thumb2\libcr_c.a(printf.o)
                0x000048f0                __vfprintf
 .text.setvbuf  0x0000552c       0x48 c:/nxp/lpcxpresso_4.0.6_152/lpcxpresso/tools/bin/../lib/gcc/arm-none-eabi/4.5.1/../../../../arm-none-eabi/lib/thumb2\libcr_c.a(setvbuf.o)
                0x0000552c                setvbuf
 .text.strlen   0x00005574       0x4e c:/nxp/lpcxpresso_4.0.6_152/lpcxpresso/tools/bin/../lib/gcc/arm-none-eabi/4.5.1/../../../../arm-none-eabi/lib/thumb2\libcr_c.a(strlen.o)
                0x00005574                strlen
 .text.memset   0x000055c2        0x4 c:/nxp/lpcxpresso_4.0.6_152/lpcxpresso/tools/bin/../lib/gcc/arm-none-eabi/4.5.1/../../../../arm-none-eabi/lib/thumb2\libcr_c.a(memset.o)
                0x000055c2                memset
 .text._deferredlazyseek
                0x000055c6       0x44 c:/nxp/lpcxpresso_4.0.6_152/lpcxpresso/tools/bin/../lib/gcc/arm-none-eabi/4.5.1/../../../../arm-none-eabi/lib/thumb2\libcr_c.a(_deferredlazyseek.o)
                0x000055c6                _deferredlazyseek
 .text.__flsbuf
                0x0000560a      0x15e c:/nxp/lpcxpresso_4.0.6_152/lpcxpresso/tools/bin/../lib/gcc/arm-none-eabi/4.5.1/../../../../arm-none-eabi/lib/thumb2\libcr_c.a(_deferredlazyseek.o)
                0x0000560a                __flsbuf
 .text._fdopen  0x00005768       0x6e c:/nxp/lpcxpresso_4.0.6_152/lpcxpresso/tools/bin/../lib/gcc/arm-none-eabi/4.5.1/../../../../arm-none-eabi/lib/thumb2\libcr_c.a(_fdopen.o)
                0x00005768                _fdopen
 .text._fflush  0x000057d6       0x58 c:/nxp/lpcxpresso_4.0.6_152/lpcxpresso/tools/bin/../lib/gcc/arm-none-eabi/4.5.1/../../../../arm-none-eabi/lib/thumb2\libcr_c.a(_fflush.o)
                0x000057d6                _fflush
 .text._frexpl  0x0000582e       0x62 c:/nxp/lpcxpresso_4.0.6_152/lpcxpresso/tools/bin/../lib/gcc/arm-none-eabi/4.5.1/../../../../arm-none-eabi/lib/thumb2\libcr_c.a(_frexpl.o)
                0x0000582e                _frexpl
 .text._ldexpl  0x00005890       0x50 c:/nxp/lpcxpresso_4.0.6_152/lpcxpresso/tools/bin/../lib/gcc/arm-none-eabi/4.5.1/../../../../arm-none-eabi/lib/thumb2\libcr_c.a(_ldexpl.o)
                0x00005890                _ldexpl
 .text._Cwritebuf
                0x000058e0       0x88 c:/nxp/lpcxpresso_4.0.6_152/lpcxpresso/tools/bin/../lib/gcc/arm-none-eabi/4.5.1/../../../../arm-none-eabi/lib/thumb2\libcr_c.a(_writebuf.o)
                0x000058e0                _Cwritebuf
 .text.malloc   0x00005968       0xd0 c:/nxp/lpcxpresso_4.0.6_152/lpcxpresso/tools/bin/../lib/gcc/arm-none-eabi/4.5.1/../../../../arm-none-eabi/lib/thumb2\libcr_c.a(alloc.o)
                0x00005968                malloc
 .text.free     0x00005a38        0xa c:/nxp/lpcxpresso_4.0.6_152/lpcxpresso/tools/bin/../lib/gcc/arm-none-eabi/4.5.1/../../../../arm-none-eabi/lib/thumb2\libcr_c.a(alloc.o)
                0x00005a38                free
 *fill*         0x00005a42        0x2 00
 .text._Csys_alloc
                0x00005a44       0x20 c:/nxp/lpcxpresso_4.0.6_152/lpcxpresso/tools/bin/../lib/gcc/arm-none-eabi/4.5.1/../../../../arm-none-eabi/lib/thumb2\libcr_c.a(alloc.o)
                0x00005a44                _Csys_alloc
 .text.fclose   0x00005a64       0x72 c:/nxp/lpcxpresso_4.0.6_152/lpcxpresso/tools/bin/../lib/gcc/arm-none-eabi/4.5.1/../../../../arm-none-eabi/lib/thumb2\libcr_c.a(fclose.o)
                0x00005a64                fclose
 *fill*         0x00005ad6        0x2 00
 .text.fflush   0x00005ad8       0x34 c:/nxp/lpcxpresso_4.0.6_152/lpcxpresso/tools/bin/../lib/gcc/arm-none-eabi/4.5.1/../../../../arm-none-eabi/lib/thumb2\libcr_c.a(fflush.o)
                0x00005ad8                fflush
 .text.fseek    0x00005b0c      0x110 c:/nxp/lpcxpresso_4.0.6_152/lpcxpresso/tools/bin/../lib/gcc/arm-none-eabi/4.5.1/../../../../arm-none-eabi/lib/thumb2\libcr_c.a(fseek.o)
                0x00005b0c                fseek
 .text.ftell    0x00005c1c       0x50 c:/nxp/lpcxpresso_4.0.6_152/lpcxpresso/tools/bin/../lib/gcc/arm-none-eabi/4.5.1/../../../../arm-none-eabi/lib/thumb2\libcr_c.a(ftell.o)
                0x00005c1c                ftell
 .text.remove   0x00005c6c       0x14 c:/nxp/lpcxpresso_4.0.6_152/lpcxpresso/tools/bin/../lib/gcc/arm-none-eabi/4.5.1/../../../../arm-none-eabi/lib/thumb2\libcr_c.a(remove.o)
                0x00005c6c                remove
 .text._do_fflush
                0x00005c80       0x44 c:/nxp/lpcxpresso_4.0.6_152/lpcxpresso/tools/bin/../lib/gcc/arm-none-eabi/4.5.1/../../../../arm-none-eabi/lib/thumb2\libcr_c.a(_do_fflush.o)
                0x00005c80                _do_fflush
 .text.__aeabi_division_uldivmod
                0x00005cc4      0x174 c:/nxp/lpcxpresso_4.0.6_152/lpcxpresso/tools/bin/../lib/gcc/arm-none-eabi/4.5.1/thumb2\libcr_eabihelpers.a(division.o)
                0x00005cc4                __aeabi_uldivmod
                0x00005cc8                __bhs_ldivmod1
 .text.__aeabi_division_idiv0
                0x00005e38        0x2 c:/nxp/lpcxpresso_4.0.6_152/lpcxpresso/tools/bin/../lib/gcc/arm-none-eabi/4.5.1/thumb2\libcr_eabihelpers.a(division.o)
                0x00005e38                __aeabi_idiv0
 *fill*         0x00005e3a        0x2 00
 .text.__aeabi_dmul
                0x00005e3c      0x128 c:/nxp/lpcxpresso_4.0.6_152/lpcxpresso/tools/bin/../lib/gcc/arm-none-eabi/4.5.1/thumb2\libcr_eabihelpers.a(double.o)
                0x00005e3c                __aeabi_dmul
 .text.__aeabi_ddiv
                0x00005f64      0x144 c:/nxp/lpcxpresso_4.0.6_152/lpcxpresso/tools/bin/../lib/gcc/arm-none-eabi/4.5.1/thumb2\libcr_eabihelpers.a(double.o)
                0x00005f64                __aeabi_ddiv
 .text.__aeabi_dsub
                0x000060a8      0x1d8 c:/nxp/lpcxpresso_4.0.6_152/lpcxpresso/tools/bin/../lib/gcc/arm-none-eabi/4.5.1/thumb2\libcr_eabihelpers.a(double.o)
                0x000060a8                __aeabi_dsub
 .text.__aeabi_dadd
                0x00006280      0x13c c:/nxp/lpcxpresso_4.0.6_152/lpcxpresso/tools/bin/../lib/gcc/arm-none-eabi/4.5.1/thumb2\libcr_eabihelpers.a(double.o)
                0x00006280                __aeabi_dadd
 .text.__aeabi_d2iz
                0x000063bc       0x3e c:/nxp/lpcxpresso_4.0.6_152/lpcxpresso/tools/bin/../lib/gcc/arm-none-eabi/4.5.1/thumb2\libcr_eabihelpers.a(double.o)
                0x000063bc                __aeabi_d2iz
 .text.__bhs_ui2d
                0x000063fa       0x50 c:/nxp/lpcxpresso_4.0.6_152/lpcxpresso/tools/bin/../lib/gcc/arm-none-eabi/4.5.1/thumb2\libcr_eabihelpers.a(double.o)
                0x000063fa                __bhs_ui2d
 .text.__aeabi_i2d
                0x0000644a       0x10 c:/nxp/lpcxpresso_4.0.6_152/lpcxpresso/tools/bin/../lib/gcc/arm-none-eabi/4.5.1/thumb2\libcr_eabihelpers.a(double.o)
                0x0000644a                __aeabi_i2d
 .text.__aeabi_dcmpeq
                0x0000645a       0x36 c:/nxp/lpcxpresso_4.0.6_152/lpcxpresso/tools/bin/../lib/gcc/arm-none-eabi/4.5.1/thumb2\libcr_eabihelpers.a(double.o)
                0x0000645a                __aeabi_dcmpeq
 .text.__aeabi_dcmplt
                0x00006490       0x5a c:/nxp/lpcxpresso_4.0.6_152/lpcxpresso/tools/bin/../lib/gcc/arm-none-eabi/4.5.1/thumb2\libcr_eabihelpers.a(double.o)
                0x00006490                __aeabi_dcmplt
 .text.__aeabi_dcmple
                0x000064ea       0x5a c:/nxp/lpcxpresso_4.0.6_152/lpcxpresso/tools/bin/../lib/gcc/arm-none-eabi/4.5.1/thumb2\libcr_eabihelpers.a(double.o)
                0x000064ea                __aeabi_dcmple
 .text.__aeabi_dcmpge
                0x00006544       0x5a c:/nxp/lpcxpresso_4.0.6_152/lpcxpresso/tools/bin/../lib/gcc/arm-none-eabi/4.5.1/thumb2\libcr_eabihelpers.a(double.o)
                0x00006544                __aeabi_dcmpge
 .text.__aeabi_memset_lowlevel
                0x0000659e       0x24 c:/nxp/lpcxpresso_4.0.6_152/lpcxpresso/tools/bin/../lib/gcc/arm-none-eabi/4.5.1/thumb2\libcr_eabihelpers.a(memcpy.o)
                0x0000659e                __aeabi_lowlevel_memset
 *fill*         0x000065c2        0x2 00
 .text.__sys_appexit
                0x000065c4        0xc c:/nxp/lpcxpresso_4.0.6_152/lpcxpresso/tools/bin/../lib/gcc/arm-none-eabi/4.5.1/../../../../arm-none-eabi/lib/thumb2\libcr_semihost.a(__sys_appexit.o)
                0x000065c4                __sys_appexit
                0x000065c4                __exit
 .text.__sys_close
                0x000065d0        0xc c:/nxp/lpcxpresso_4.0.6_152/lpcxpresso/tools/bin/../lib/gcc/arm-none-eabi/4.5.1/../../../../arm-none-eabi/lib/thumb2\libcr_semihost.a(__sys_close.o)
                0x000065d0                __sys_close
 .text.__sys_flen
                0x000065dc        0xc c:/nxp/lpcxpresso_4.0.6_152/lpcxpresso/tools/bin/../lib/gcc/arm-none-eabi/4.5.1/../../../../arm-none-eabi/lib/thumb2\libcr_semihost.a(__sys_flen.o)
                0x000065dc                __sys_flen
 .text.__sys_istty
                0x000065e8        0xc c:/nxp/lpcxpresso_4.0.6_152/lpcxpresso/tools/bin/../lib/gcc/arm-none-eabi/4.5.1/../../../../arm-none-eabi/lib/thumb2\libcr_semihost.a(__sys_istty.o)
                0x000065e8                __sys_istty
 .text.__sys_remove
                0x000065f4        0xc c:/nxp/lpcxpresso_4.0.6_152/lpcxpresso/tools/bin/../lib/gcc/arm-none-eabi/4.5.1/../../../../arm-none-eabi/lib/thumb2\libcr_semihost.a(__sys_remove.o)
                0x000065f4                __sys_remove
 .text.__sys_seek
                0x00006600        0xc c:/nxp/lpcxpresso_4.0.6_152/lpcxpresso/tools/bin/../lib/gcc/arm-none-eabi/4.5.1/../../../../arm-none-eabi/lib/thumb2\libcr_semihost.a(__sys_seek.o)
                0x00006600                __sys_seek
 .text.__sys_tmpnam
                0x0000660c        0xc c:/nxp/lpcxpresso_4.0.6_152/lpcxpresso/tools/bin/../lib/gcc/arm-none-eabi/4.5.1/../../../../arm-none-eabi/lib/thumb2\libcr_semihost.a(__sys_tmpnam.o)
                0x0000660c                __sys_tmpnam
 .text.__sys_write
                0x00006618        0xc c:/nxp/lpcxpresso_4.0.6_152/lpcxpresso/tools/bin/../lib/gcc/arm-none-eabi/4.5.1/../../../../arm-none-eabi/lib/thumb2\libcr_semihost.a(__sys_write.o)
                0x00006618                __sys_write
                0x00006618                __write
 .text._sbrk    0x00006624       0x40 c:/nxp/lpcxpresso_4.0.6_152/lpcxpresso/tools/bin/../lib/gcc/arm-none-eabi/4.5.1/../../../../arm-none-eabi/lib/thumb2\libcr_semihost.a(_cr_sbrk.o)
                0x00006624                _sbrk
 .text.__check_heap_overflow
                0x00006664       0x2c c:/nxp/lpcxpresso_4.0.6_152/lpcxpresso/tools/bin/../lib/gcc/arm-none-eabi/4.5.1/../../../../arm-none-eabi/lib/thumb2\libcr_semihost.a(_cr_check_heap.o)
                0x00006664                __check_heap_overflow
 *(.rodata .rodata.*)
 .rodata        0x00006690       0x7c ./src/main_kbd.o
 .rodata        0x0000670c       0x24 L:\CAS\PSE\Workspaces\Mio\V7\Lib_CMSIS\Debug\libLib_CMSIS.a(lpc17xx_timer.o)
 .rodata.str1.1
                0x00006730       0x34 c:/nxp/lpcxpresso_4.0.6_152/lpcxpresso/tools/bin/../lib/gcc/arm-none-eabi/4.5.1/../../../../arm-none-eabi/lib/thumb2\libcr_c.a(fpprintf.o)
                                 0x35 (size before relaxing)
 .rodata.str1.1
                0x00006764        0x4 c:/nxp/lpcxpresso_4.0.6_152/lpcxpresso/tools/bin/../lib/gcc/arm-none-eabi/4.5.1/../../../../arm-none-eabi/lib/thumb2\libcr_c.a(initio.o)
 .rodata.str1.1
                0x00006768       0x31 c:/nxp/lpcxpresso_4.0.6_152/lpcxpresso/tools/bin/../lib/gcc/arm-none-eabi/4.5.1/../../../../arm-none-eabi/lib/thumb2\libcr_c.a(printf.o)
                                 0x38 (size before relaxing)
 .rodata.str1.1
                0x00006799       0x18 c:/nxp/lpcxpresso_4.0.6_152/lpcxpresso/tools/bin/../lib/gcc/arm-none-eabi/4.5.1/../../../../arm-none-eabi/lib/thumb2\libcr_c.a(alloc.o)
 .rodata.__ctype
                0x000067b1      0x180 c:/nxp/lpcxpresso_4.0.6_152/lpcxpresso/tools/bin/../lib/gcc/arm-none-eabi/4.5.1/../../../../arm-none-eabi/lib/thumb2\libcr_c.a(ctype.o)
                0x000067b1                __ctype
 *fill*         0x00006931        0x7 00
 .rodata.__huge_vall
                0x00006938        0x8 c:/nxp/lpcxpresso_4.0.6_152/lpcxpresso/tools/bin/../lib/gcc/arm-none-eabi/4.5.1/../../../../arm-none-eabi/lib/thumb2\libcr_c.a(_hugeval.o)
                0x00006938                __huge_vall
                0x00006940                . = ALIGN (0x4)

.glue_7         0x00006940        0x0
 .glue_7        0x00000000        0x0 linker stubs

.glue_7t        0x00006940        0x0
 .glue_7t       0x00000000        0x0 linker stubs

.vfp11_veneer   0x00006940        0x0
 .vfp11_veneer  0x00000000        0x0 linker stubs

.v4_bx          0x00006940        0x0
 .v4_bx         0x00000000        0x0 linker stubs

.ARM.extab
 *(.ARM.extab* .gnu.linkonce.armextab.*)
                0x00006940                __exidx_start = .

.ARM.exidx
 *(.ARM.exidx* .gnu.linkonce.armexidx.*)
                0x00006940                __exidx_end = .
                0x00006940                _etext = .

.data_RAM2      0x2007c000        0x0 load address 0x00006940
 FILL mask 0xff
 *(.data.$RAM2*)
 *(.data.$RamAHB32*)
                0x2007c000                . = ALIGN (0x4)

.uninit_RESERVED
 *(.bss.$RESERVED*)

.data           0x10000000       0x4c load address 0x00006940
 FILL mask 0xff
                0x10000000                _data = .
 *(vtable)
 *(.data*)
 .data          0x10000000        0x8 ./src/RC5.o
                0x10000000                habilitacion
 .data          0x10000008       0x40 ./src/main_kbd.o
 .data          0x10000048        0x4 L:\CAS\PSE\Workspaces\Mio\V7\Lib_CMSIS\Debug\libLib_CMSIS.a(system_LPC17xx.o)
                0x10000048                SystemCoreClock
                0x1000004c                . = ALIGN (0x4)
                0x1000004c                _edata = .

.bss_RAM2       0x2007c000        0x0
 *(.bss.$RAM2*)
 *(.bss.$RamAHB32*)
                0x2007c000                . = ALIGN (0x4)

.bss            0x1000004c      0x244
                0x1000004c                _bss = .
 *(.bss*)
 .bss           0x1000004c       0x18 ./src/RC5.o
 .bss           0x10000064       0x1c ./src/main_kbd.o
 .bss           0x10000080       0x34 L:\CAS\PSE\Workspaces\Mio\V7\LPCUSB_Stack\Debug\libLPCUSB_Stack.a(usbcontrol.o)
 .bss           0x100000b4       0x48 L:\CAS\PSE\Workspaces\Mio\V7\LPCUSB_Stack\Debug\libLPCUSB_Stack.a(usbhw_lpc.o)
 .bss           0x100000fc        0x8 L:\CAS\PSE\Workspaces\Mio\V7\LPCUSB_Stack\Debug\libLPCUSB_Stack.a(usbinit.o)
 .bss           0x10000104        0xc L:\CAS\PSE\Workspaces\Mio\V7\LPCUSB_Stack\Debug\libLPCUSB_Stack.a(usbstdreq.o)
 .bss.errno     0x10000110        0x4 c:/nxp/lpcxpresso_4.0.6_152/lpcxpresso/tools/bin/../lib/gcc/arm-none-eabi/4.5.1/../../../../arm-none-eabi/lib/thumb2\libcr_c.a(errno.o)
                0x10000110                errno
 *(COMMON)
 COMMON         0x10000114       0x25 ./src/RC5.o
                0x10000114                TIM_CaptureConfigStruct
                0x10000118                TIM_ConfigStruct
                0x10000120                reseteo_general
                0x10000121                RC5_flag
                0x10000122                RC5_System
                0x10000124                PinCfg
                0x1000012c                TIM_MatchConfigStruct
                0x10000138                RC5_Command
 *fill*         0x10000139        0x3 00
 COMMON         0x1000013c        0x8 ./src/main_kbd.o
                0x1000013c                KbdInputReport
 COMMON         0x10000144        0x4 c:/nxp/lpcxpresso_4.0.6_152/lpcxpresso/tools/bin/../lib/gcc/arm-none-eabi/4.5.1/../../../../arm-none-eabi/lib/thumb2\libcr_c.a(initio.o)
                0x10000144                _extra
 COMMON         0x10000148      0x140 c:/nxp/lpcxpresso_4.0.6_152/lpcxpresso/tools/bin/../lib/gcc/arm-none-eabi/4.5.1/../../../../arm-none-eabi/lib/thumb2\libcr_c.a(stdio.o)
                0x10000148                __Ciob
 COMMON         0x10000288        0x8 c:/nxp/lpcxpresso_4.0.6_152/lpcxpresso/tools/bin/../lib/gcc/arm-none-eabi/4.5.1/../../../../arm-none-eabi/lib/thumb2\libcr_c.a(__init_alloc.o)
                0x10000288                __heaps
                0x1000028c                __end_of_heap
                0x10000290                . = ALIGN (0x4)
                0x10000290                _ebss = .
                0x10000290                PROVIDE (end, .)
                0x10000290                PROVIDE (_pvHeapStart, .)
                0x10008000                PROVIDE (_vStackTop, (__top_RamLoc32 - 0x0))
OUTPUT(RDB1768cmsis_usb_hid_Keybd2.axf elf32-littlearm)

.debug_abbrev   0x00000000     0x10f3
 .debug_abbrev  0x00000000      0x1a9 ./src/RC5.o
 .debug_abbrev  0x000001a9      0x10f ./src/cr_startup_lpc176x.o
 .debug_abbrev  0x000002b8      0x196 ./src/main_kbd.o
 .debug_abbrev  0x0000044e      0x1c9 L:\CAS\PSE\Workspaces\Mio\V7\Lib_CMSIS\Debug\libLib_CMSIS.a(lpc17xx_gpio.o)
 .debug_abbrev  0x00000617      0x11d L:\CAS\PSE\Workspaces\Mio\V7\Lib_CMSIS\Debug\libLib_CMSIS.a(lpc17xx_pinsel.o)
 .debug_abbrev  0x00000734      0x1b4 L:\CAS\PSE\Workspaces\Mio\V7\Lib_CMSIS\Debug\libLib_CMSIS.a(lpc17xx_timer.o)
 .debug_abbrev  0x000008e8       0xd9 L:\CAS\PSE\Workspaces\Mio\V7\Lib_CMSIS\Debug\libLib_CMSIS.a(system_LPC17xx.o)
 .debug_abbrev  0x000009c1      0x172 L:\CAS\PSE\Workspaces\Mio\V7\Lib_CMSIS\Debug\libLib_CMSIS.a(lpc17xx_clkpwr.o)
 .debug_abbrev  0x00000b33       0x68 L:\CAS\PSE\Workspaces\Mio\V7\Lib_CMSIS\Debug\libLib_CMSIS.a(lpc17xx_libcfg_default.o)
 .debug_abbrev  0x00000b9b      0x119 L:\CAS\PSE\Workspaces\Mio\V7\LPCUSB_Stack\Debug\libLPCUSB_Stack.a(usbcontrol.o)
 .debug_abbrev  0x00000cb4      0x22a L:\CAS\PSE\Workspaces\Mio\V7\LPCUSB_Stack\Debug\libLPCUSB_Stack.a(usbhw_lpc.o)
 .debug_abbrev  0x00000ede       0xad L:\CAS\PSE\Workspaces\Mio\V7\LPCUSB_Stack\Debug\libLPCUSB_Stack.a(usbinit.o)
 .debug_abbrev  0x00000f8b      0x168 L:\CAS\PSE\Workspaces\Mio\V7\LPCUSB_Stack\Debug\libLPCUSB_Stack.a(usbstdreq.o)

.debug_info     0x00000000     0x51b3
 .debug_info    0x00000000      0xa14 ./src/RC5.o
 .debug_info    0x00000a14      0x2e3 ./src/cr_startup_lpc176x.o
 .debug_info    0x00000cf7      0x496 ./src/main_kbd.o
 .debug_info    0x0000118d      0xe1e L:\CAS\PSE\Workspaces\Mio\V7\Lib_CMSIS\Debug\libLib_CMSIS.a(lpc17xx_gpio.o)
 .debug_info    0x00001fab      0x4aa L:\CAS\PSE\Workspaces\Mio\V7\Lib_CMSIS\Debug\libLib_CMSIS.a(lpc17xx_pinsel.o)
 .debug_info    0x00002455      0x882 L:\CAS\PSE\Workspaces\Mio\V7\Lib_CMSIS\Debug\libLib_CMSIS.a(lpc17xx_timer.o)
 .debug_info    0x00002cd7      0x4fd L:\CAS\PSE\Workspaces\Mio\V7\Lib_CMSIS\Debug\libLib_CMSIS.a(system_LPC17xx.o)
 .debug_info    0x000031d4      0x66b L:\CAS\PSE\Workspaces\Mio\V7\Lib_CMSIS\Debug\libLib_CMSIS.a(lpc17xx_clkpwr.o)
 .debug_info    0x0000383f       0xc9 L:\CAS\PSE\Workspaces\Mio\V7\Lib_CMSIS\Debug\libLib_CMSIS.a(lpc17xx_libcfg_default.o)
 .debug_info    0x00003908      0x33b L:\CAS\PSE\Workspaces\Mio\V7\LPCUSB_Stack\Debug\libLPCUSB_Stack.a(usbcontrol.o)
 .debug_info    0x00003c43     0x101b L:\CAS\PSE\Workspaces\Mio\V7\LPCUSB_Stack\Debug\libLPCUSB_Stack.a(usbhw_lpc.o)
 .debug_info    0x00004c5e      0x10e L:\CAS\PSE\Workspaces\Mio\V7\LPCUSB_Stack\Debug\libLPCUSB_Stack.a(usbinit.o)
 .debug_info    0x00004d6c      0x447 L:\CAS\PSE\Workspaces\Mio\V7\LPCUSB_Stack\Debug\libLPCUSB_Stack.a(usbstdreq.o)

.debug_line     0x00000000     0x3fdd
 .debug_line    0x00000000      0x54e ./src/RC5.o
 .debug_line    0x0000054e      0x3d2 ./src/cr_startup_lpc176x.o
 .debug_line    0x00000920      0x645 ./src/main_kbd.o
 .debug_line    0x00000f65      0x57e L:\CAS\PSE\Workspaces\Mio\V7\Lib_CMSIS\Debug\libLib_CMSIS.a(lpc17xx_gpio.o)
 .debug_line    0x000014e3      0x463 L:\CAS\PSE\Workspaces\Mio\V7\Lib_CMSIS\Debug\libLib_CMSIS.a(lpc17xx_pinsel.o)
 .debug_line    0x00001946      0x712 L:\CAS\PSE\Workspaces\Mio\V7\Lib_CMSIS\Debug\libLib_CMSIS.a(lpc17xx_timer.o)
 .debug_line    0x00002058      0x40c L:\CAS\PSE\Workspaces\Mio\V7\Lib_CMSIS\Debug\libLib_CMSIS.a(system_LPC17xx.o)
 .debug_line    0x00002464      0x492 L:\CAS\PSE\Workspaces\Mio\V7\Lib_CMSIS\Debug\libLib_CMSIS.a(lpc17xx_clkpwr.o)
 .debug_line    0x000028f6      0x387 L:\CAS\PSE\Workspaces\Mio\V7\Lib_CMSIS\Debug\libLib_CMSIS.a(lpc17xx_libcfg_default.o)
 .debug_line    0x00002c7d      0x448 L:\CAS\PSE\Workspaces\Mio\V7\LPCUSB_Stack\Debug\libLPCUSB_Stack.a(usbcontrol.o)
 .debug_line    0x000030c5      0x687 L:\CAS\PSE\Workspaces\Mio\V7\LPCUSB_Stack\Debug\libLPCUSB_Stack.a(usbhw_lpc.o)
 .debug_line    0x0000374c      0x3d2 L:\CAS\PSE\Workspaces\Mio\V7\LPCUSB_Stack\Debug\libLPCUSB_Stack.a(usbinit.o)
 .debug_line    0x00003b1e      0x4bf L:\CAS\PSE\Workspaces\Mio\V7\LPCUSB_Stack\Debug\libLPCUSB_Stack.a(usbstdreq.o)

.debug_macinfo  0x00000000    0x54c2e
 .debug_macinfo
                0x00000000     0x879b ./src/RC5.o
 .debug_macinfo
                0x0000879b     0x313f ./src/cr_startup_lpc176x.o
 .debug_macinfo
                0x0000b8da     0x9358 ./src/main_kbd.o
 .debug_macinfo
                0x00014c32     0x7b28 L:\CAS\PSE\Workspaces\Mio\V7\Lib_CMSIS\Debug\libLib_CMSIS.a(lpc17xx_gpio.o)
 .debug_macinfo
                0x0001c75a     0x7c3e L:\CAS\PSE\Workspaces\Mio\V7\Lib_CMSIS\Debug\libLib_CMSIS.a(lpc17xx_pinsel.o)
 .debug_macinfo
                0x00024398     0x993f L:\CAS\PSE\Workspaces\Mio\V7\Lib_CMSIS\Debug\libLib_CMSIS.a(lpc17xx_timer.o)
 .debug_macinfo
                0x0002dcd7     0x7864 L:\CAS\PSE\Workspaces\Mio\V7\Lib_CMSIS\Debug\libLib_CMSIS.a(system_LPC17xx.o)
 .debug_macinfo
                0x0003553b     0x8a61 L:\CAS\PSE\Workspaces\Mio\V7\Lib_CMSIS\Debug\libLib_CMSIS.a(lpc17xx_clkpwr.o)
 .debug_macinfo
                0x0003df9c     0x3408 L:\CAS\PSE\Workspaces\Mio\V7\Lib_CMSIS\Debug\libLib_CMSIS.a(lpc17xx_libcfg_default.o)
 .debug_macinfo
                0x000413a4     0x3b23 L:\CAS\PSE\Workspaces\Mio\V7\LPCUSB_Stack\Debug\libLPCUSB_Stack.a(usbcontrol.o)
 .debug_macinfo
                0x00044ec7     0x8689 L:\CAS\PSE\Workspaces\Mio\V7\LPCUSB_Stack\Debug\libLPCUSB_Stack.a(usbhw_lpc.o)
 .debug_macinfo
                0x0004d550     0x3af3 L:\CAS\PSE\Workspaces\Mio\V7\LPCUSB_Stack\Debug\libLPCUSB_Stack.a(usbinit.o)
 .debug_macinfo
                0x00051043     0x3beb L:\CAS\PSE\Workspaces\Mio\V7\LPCUSB_Stack\Debug\libLPCUSB_Stack.a(usbstdreq.o)

.debug_loc      0x00000000     0x18d4
 .debug_loc     0x00000000      0x138 ./src/RC5.o
 .debug_loc     0x00000138      0x1b8 ./src/cr_startup_lpc176x.o
 .debug_loc     0x000002f0      0x118 ./src/main_kbd.o
 .debug_loc     0x00000408      0x620 L:\CAS\PSE\Workspaces\Mio\V7\Lib_CMSIS\Debug\libLib_CMSIS.a(lpc17xx_gpio.o)
 .debug_loc     0x00000a28      0x150 L:\CAS\PSE\Workspaces\Mio\V7\Lib_CMSIS\Debug\libLib_CMSIS.a(lpc17xx_pinsel.o)
 .debug_loc     0x00000b78      0x380 L:\CAS\PSE\Workspaces\Mio\V7\Lib_CMSIS\Debug\libLib_CMSIS.a(lpc17xx_timer.o)
 .debug_loc     0x00000ef8       0x58 L:\CAS\PSE\Workspaces\Mio\V7\Lib_CMSIS\Debug\libLib_CMSIS.a(system_LPC17xx.o)
 .debug_loc     0x00000f50      0x1bc L:\CAS\PSE\Workspaces\Mio\V7\Lib_CMSIS\Debug\libLib_CMSIS.a(lpc17xx_clkpwr.o)
 .debug_loc     0x0000110c       0x38 L:\CAS\PSE\Workspaces\Mio\V7\Lib_CMSIS\Debug\libLib_CMSIS.a(lpc17xx_libcfg_default.o)
 .debug_loc     0x00001144      0x118 L:\CAS\PSE\Workspaces\Mio\V7\LPCUSB_Stack\Debug\libLPCUSB_Stack.a(usbcontrol.o)
 .debug_loc     0x0000125c      0x454 L:\CAS\PSE\Workspaces\Mio\V7\LPCUSB_Stack\Debug\libLPCUSB_Stack.a(usbhw_lpc.o)
 .debug_loc     0x000016b0       0x64 L:\CAS\PSE\Workspaces\Mio\V7\LPCUSB_Stack\Debug\libLPCUSB_Stack.a(usbinit.o)
 .debug_loc     0x00001714      0x1c0 L:\CAS\PSE\Workspaces\Mio\V7\LPCUSB_Stack\Debug\libLPCUSB_Stack.a(usbstdreq.o)

.debug_pubnames
                0x00000000      0x96e
 .debug_pubnames
                0x00000000       0xfd ./src/RC5.o
 .debug_pubnames
                0x000000fd      0x118 ./src/cr_startup_lpc176x.o
 .debug_pubnames
                0x00000215       0x89 ./src/main_kbd.o
 .debug_pubnames
                0x0000029e      0x203 L:\CAS\PSE\Workspaces\Mio\V7\Lib_CMSIS\Debug\libLib_CMSIS.a(lpc17xx_gpio.o)
 .debug_pubnames
                0x000004a1       0x59 L:\CAS\PSE\Workspaces\Mio\V7\Lib_CMSIS\Debug\libLib_CMSIS.a(lpc17xx_pinsel.o)
 .debug_pubnames
                0x000004fa      0x12b L:\CAS\PSE\Workspaces\Mio\V7\Lib_CMSIS\Debug\libLib_CMSIS.a(lpc17xx_timer.o)
 .debug_pubnames
                0x00000625       0x4f L:\CAS\PSE\Workspaces\Mio\V7\Lib_CMSIS\Debug\libLib_CMSIS.a(system_LPC17xx.o)
 .debug_pubnames
                0x00000674       0xbb L:\CAS\PSE\Workspaces\Mio\V7\Lib_CMSIS\Debug\libLib_CMSIS.a(lpc17xx_clkpwr.o)
 .debug_pubnames
                0x0000072f       0x23 L:\CAS\PSE\Workspaces\Mio\V7\Lib_CMSIS\Debug\libLib_CMSIS.a(lpc17xx_libcfg_default.o)
 .debug_pubnames
                0x00000752       0x4d L:\CAS\PSE\Workspaces\Mio\V7\LPCUSB_Stack\Debug\libLPCUSB_Stack.a(usbcontrol.o)
 .debug_pubnames
                0x0000079f      0x132 L:\CAS\PSE\Workspaces\Mio\V7\LPCUSB_Stack\Debug\libLPCUSB_Stack.a(usbhw_lpc.o)
 .debug_pubnames
                0x000008d1       0x1e L:\CAS\PSE\Workspaces\Mio\V7\LPCUSB_Stack\Debug\libLPCUSB_Stack.a(usbinit.o)
 .debug_pubnames
                0x000008ef       0x7f L:\CAS\PSE\Workspaces\Mio\V7\LPCUSB_Stack\Debug\libLPCUSB_Stack.a(usbstdreq.o)

.debug_pubtypes
                0x00000000      0x5bd
 .debug_pubtypes
                0x00000000       0xc9 ./src/RC5.o
 .debug_pubtypes
                0x000000c9       0x12 ./src/cr_startup_lpc176x.o
 .debug_pubtypes
                0x000000db       0x5c ./src/main_kbd.o
 .debug_pubtypes
                0x00000137       0xa9 L:\CAS\PSE\Workspaces\Mio\V7\Lib_CMSIS\Debug\libLib_CMSIS.a(lpc17xx_gpio.o)
 .debug_pubtypes
                0x000001e0       0x6a L:\CAS\PSE\Workspaces\Mio\V7\Lib_CMSIS\Debug\libLib_CMSIS.a(lpc17xx_pinsel.o)
 .debug_pubtypes
                0x0000024a      0x107 L:\CAS\PSE\Workspaces\Mio\V7\Lib_CMSIS\Debug\libLib_CMSIS.a(lpc17xx_timer.o)
 .debug_pubtypes
                0x00000351       0x4b L:\CAS\PSE\Workspaces\Mio\V7\Lib_CMSIS\Debug\libLib_CMSIS.a(system_LPC17xx.o)
 .debug_pubtypes
                0x0000039c       0x5f L:\CAS\PSE\Workspaces\Mio\V7\Lib_CMSIS\Debug\libLib_CMSIS.a(lpc17xx_clkpwr.o)
 .debug_pubtypes
                0x000003fb       0x2b L:\CAS\PSE\Workspaces\Mio\V7\Lib_CMSIS\Debug\libLib_CMSIS.a(lpc17xx_libcfg_default.o)
 .debug_pubtypes
                0x00000426       0x5a L:\CAS\PSE\Workspaces\Mio\V7\LPCUSB_Stack\Debug\libLPCUSB_Stack.a(usbcontrol.o)
 .debug_pubtypes
                0x00000480       0xbc L:\CAS\PSE\Workspaces\Mio\V7\LPCUSB_Stack\Debug\libLPCUSB_Stack.a(usbhw_lpc.o)
 .debug_pubtypes
                0x0000053c       0x27 L:\CAS\PSE\Workspaces\Mio\V7\LPCUSB_Stack\Debug\libLPCUSB_Stack.a(usbinit.o)
 .debug_pubtypes
                0x00000563       0x5a L:\CAS\PSE\Workspaces\Mio\V7\LPCUSB_Stack\Debug\libLPCUSB_Stack.a(usbstdreq.o)

.debug_aranges  0x00000000      0x340
 .debug_aranges
                0x00000000       0x48 ./src/RC5.o
 .debug_aranges
                0x00000048       0x80 ./src/cr_startup_lpc176x.o
 .debug_aranges
                0x000000c8       0x40 ./src/main_kbd.o
 .debug_aranges
                0x00000108       0x20 L:\CAS\PSE\Workspaces\Mio\V7\Lib_CMSIS\Debug\libLib_CMSIS.a(lpc17xx_gpio.o)
 .debug_aranges
                0x00000128       0x20 L:\CAS\PSE\Workspaces\Mio\V7\Lib_CMSIS\Debug\libLib_CMSIS.a(lpc17xx_pinsel.o)
 .debug_aranges
                0x00000148       0x20 L:\CAS\PSE\Workspaces\Mio\V7\Lib_CMSIS\Debug\libLib_CMSIS.a(lpc17xx_timer.o)
 .debug_aranges
                0x00000168       0x20 L:\CAS\PSE\Workspaces\Mio\V7\Lib_CMSIS\Debug\libLib_CMSIS.a(system_LPC17xx.o)
 .debug_aranges
                0x00000188       0x20 L:\CAS\PSE\Workspaces\Mio\V7\Lib_CMSIS\Debug\libLib_CMSIS.a(lpc17xx_clkpwr.o)
 .debug_aranges
                0x000001a8       0x20 L:\CAS\PSE\Workspaces\Mio\V7\Lib_CMSIS\Debug\libLib_CMSIS.a(lpc17xx_libcfg_default.o)
 .debug_aranges
                0x000001c8       0x40 L:\CAS\PSE\Workspaces\Mio\V7\LPCUSB_Stack\Debug\libLPCUSB_Stack.a(usbcontrol.o)
 .debug_aranges
                0x00000208       0xb8 L:\CAS\PSE\Workspaces\Mio\V7\LPCUSB_Stack\Debug\libLPCUSB_Stack.a(usbhw_lpc.o)
 .debug_aranges
                0x000002c0       0x28 L:\CAS\PSE\Workspaces\Mio\V7\LPCUSB_Stack\Debug\libLPCUSB_Stack.a(usbinit.o)
 .debug_aranges
                0x000002e8       0x58 L:\CAS\PSE\Workspaces\Mio\V7\LPCUSB_Stack\Debug\libLPCUSB_Stack.a(usbstdreq.o)

.debug_ranges   0x00000000      0x210
 .debug_ranges  0x00000000       0x38 ./src/RC5.o
 .debug_ranges  0x00000038       0x70 ./src/cr_startup_lpc176x.o
 .debug_ranges  0x000000a8       0x30 ./src/main_kbd.o
 .debug_ranges  0x000000d8       0x30 L:\CAS\PSE\Workspaces\Mio\V7\LPCUSB_Stack\Debug\libLPCUSB_Stack.a(usbcontrol.o)
 .debug_ranges  0x00000108       0xa8 L:\CAS\PSE\Workspaces\Mio\V7\LPCUSB_Stack\Debug\libLPCUSB_Stack.a(usbhw_lpc.o)
 .debug_ranges  0x000001b0       0x18 L:\CAS\PSE\Workspaces\Mio\V7\LPCUSB_Stack\Debug\libLPCUSB_Stack.a(usbinit.o)
 .debug_ranges  0x000001c8       0x48 L:\CAS\PSE\Workspaces\Mio\V7\LPCUSB_Stack\Debug\libLPCUSB_Stack.a(usbstdreq.o)

.debug_str      0x00000000     0x1d93
 .debug_str     0x00000000      0x66b ./src/RC5.o
                                0x6a2 (size before relaxing)
 .debug_str     0x0000066b      0x17a ./src/cr_startup_lpc176x.o
                                0x244 (size before relaxing)
 .debug_str     0x000007e5      0x15b ./src/main_kbd.o
                                0x2bf (size before relaxing)
 .debug_str     0x00000940      0x46c L:\CAS\PSE\Workspaces\Mio\V7\Lib_CMSIS\Debug\libLib_CMSIS.a(lpc17xx_gpio.o)
                                0x540 (size before relaxing)
 .debug_str     0x00000dac      0x216 L:\CAS\PSE\Workspaces\Mio\V7\Lib_CMSIS\Debug\libLib_CMSIS.a(lpc17xx_pinsel.o)
                                0x354 (size before relaxing)
 .debug_str     0x00000fc2      0x2bb L:\CAS\PSE\Workspaces\Mio\V7\Lib_CMSIS\Debug\libLib_CMSIS.a(lpc17xx_timer.o)
                                0x582 (size before relaxing)
 .debug_str     0x0000127d      0x176 L:\CAS\PSE\Workspaces\Mio\V7\Lib_CMSIS\Debug\libLib_CMSIS.a(system_LPC17xx.o)
                                0x2d0 (size before relaxing)
 .debug_str     0x000013f3       0xd6 L:\CAS\PSE\Workspaces\Mio\V7\Lib_CMSIS\Debug\libLib_CMSIS.a(lpc17xx_clkpwr.o)
                                0x37b (size before relaxing)
 .debug_str     0x000014c9       0x42 L:\CAS\PSE\Workspaces\Mio\V7\Lib_CMSIS\Debug\libLib_CMSIS.a(lpc17xx_libcfg_default.o)
                                0x10a (size before relaxing)
 .debug_str     0x0000150b       0xf5 L:\CAS\PSE\Workspaces\Mio\V7\LPCUSB_Stack\Debug\libLPCUSB_Stack.a(usbcontrol.o)
                                0x21f (size before relaxing)
 .debug_str     0x00001600      0x5f9 L:\CAS\PSE\Workspaces\Mio\V7\LPCUSB_Stack\Debug\libLPCUSB_Stack.a(usbhw_lpc.o)
                                0x977 (size before relaxing)
 .debug_str     0x00001bf9       0x40 L:\CAS\PSE\Workspaces\Mio\V7\LPCUSB_Stack\Debug\libLPCUSB_Stack.a(usbinit.o)
                                0x124 (size before relaxing)
 .debug_str     0x00001c39      0x15a L:\CAS\PSE\Workspaces\Mio\V7\LPCUSB_Stack\Debug\libLPCUSB_Stack.a(usbstdreq.o)
                                0x2c6 (size before relaxing)

.comment        0x00000000       0x2a
 .comment       0x00000000       0x2a ./src/RC5.o
                                 0x2b (size before relaxing)
 .comment       0x00000000       0x2b ./src/cr_startup_lpc176x.o
 .comment       0x00000000       0x2b ./src/main_kbd.o
 .comment       0x00000000       0x2b L:\CAS\PSE\Workspaces\Mio\V7\Lib_CMSIS\Debug\libLib_CMSIS.a(lpc17xx_gpio.o)
 .comment       0x00000000       0x2b L:\CAS\PSE\Workspaces\Mio\V7\Lib_CMSIS\Debug\libLib_CMSIS.a(lpc17xx_pinsel.o)
 .comment       0x00000000       0x2b L:\CAS\PSE\Workspaces\Mio\V7\Lib_CMSIS\Debug\libLib_CMSIS.a(lpc17xx_timer.o)
 .comment       0x00000000       0x2b L:\CAS\PSE\Workspaces\Mio\V7\Lib_CMSIS\Debug\libLib_CMSIS.a(system_LPC17xx.o)
 .comment       0x00000000       0x2b L:\CAS\PSE\Workspaces\Mio\V7\Lib_CMSIS\Debug\libLib_CMSIS.a(lpc17xx_clkpwr.o)
 .comment       0x00000000       0x2b L:\CAS\PSE\Workspaces\Mio\V7\Lib_CMSIS\Debug\libLib_CMSIS.a(lpc17xx_libcfg_default.o)
 .comment       0x00000000       0x2b L:\CAS\PSE\Workspaces\Mio\V7\LPCUSB_Stack\Debug\libLPCUSB_Stack.a(usbcontrol.o)
 .comment       0x00000000       0x2b L:\CAS\PSE\Workspaces\Mio\V7\LPCUSB_Stack\Debug\libLPCUSB_Stack.a(usbhw_lpc.o)
 .comment       0x00000000       0x2b L:\CAS\PSE\Workspaces\Mio\V7\LPCUSB_Stack\Debug\libLPCUSB_Stack.a(usbinit.o)
 .comment       0x00000000       0x2b L:\CAS\PSE\Workspaces\Mio\V7\LPCUSB_Stack\Debug\libLPCUSB_Stack.a(usbstdreq.o)
 .comment       0x00000000       0x2b c:/nxp/lpcxpresso_4.0.6_152/lpcxpresso/tools/bin/../lib/gcc/arm-none-eabi/4.5.1/../../../../arm-none-eabi/lib/thumb2\libcr_semihost.a(_cr__main.o)
 .comment       0x00000000       0x2b c:/nxp/lpcxpresso_4.0.6_152/lpcxpresso/tools/bin/../lib/gcc/arm-none-eabi/4.5.1/../../../../arm-none-eabi/lib/thumb2\libcr_c.a(fpprintf.o)
 .comment       0x00000000       0x2b c:/nxp/lpcxpresso_4.0.6_152/lpcxpresso/tools/bin/../lib/gcc/arm-none-eabi/4.5.1/../../../../arm-none-eabi/lib/thumb2\libcr_c.a(initio.o)
 .comment       0x00000000       0x2b c:/nxp/lpcxpresso_4.0.6_152/lpcxpresso/tools/bin/../lib/gcc/arm-none-eabi/4.5.1/../../../../arm-none-eabi/lib/thumb2\libcr_c.a(printf.o)
 .comment       0x00000000       0x2b c:/nxp/lpcxpresso_4.0.6_152/lpcxpresso/tools/bin/../lib/gcc/arm-none-eabi/4.5.1/../../../../arm-none-eabi/lib/thumb2\libcr_c.a(setvbuf.o)
 .comment       0x00000000       0x2b c:/nxp/lpcxpresso_4.0.6_152/lpcxpresso/tools/bin/../lib/gcc/arm-none-eabi/4.5.1/../../../../arm-none-eabi/lib/thumb2\libcr_c.a(stdio.o)
 .comment       0x00000000       0x2b c:/nxp/lpcxpresso_4.0.6_152/lpcxpresso/tools/bin/../lib/gcc/arm-none-eabi/4.5.1/../../../../arm-none-eabi/lib/thumb2\libcr_c.a(strlen.o)
 .comment       0x00000000       0x2b c:/nxp/lpcxpresso_4.0.6_152/lpcxpresso/tools/bin/../lib/gcc/arm-none-eabi/4.5.1/../../../../arm-none-eabi/lib/thumb2\libcr_c.a(memset.o)
 .comment       0x00000000       0x2b c:/nxp/lpcxpresso_4.0.6_152/lpcxpresso/tools/bin/../lib/gcc/arm-none-eabi/4.5.1/../../../../arm-none-eabi/lib/thumb2\libcr_c.a(__fillbuf.o)
 .comment       0x00000000       0x2b c:/nxp/lpcxpresso_4.0.6_152/lpcxpresso/tools/bin/../lib/gcc/arm-none-eabi/4.5.1/../../../../arm-none-eabi/lib/thumb2\libcr_c.a(_deferredlazyseek.o)
 .comment       0x00000000       0x2b c:/nxp/lpcxpresso_4.0.6_152/lpcxpresso/tools/bin/../lib/gcc/arm-none-eabi/4.5.1/../../../../arm-none-eabi/lib/thumb2\libcr_c.a(_fdopen.o)
 .comment       0x00000000       0x2b c:/nxp/lpcxpresso_4.0.6_152/lpcxpresso/tools/bin/../lib/gcc/arm-none-eabi/4.5.1/../../../../arm-none-eabi/lib/thumb2\libcr_c.a(_fflush.o)
 .comment       0x00000000       0x2b c:/nxp/lpcxpresso_4.0.6_152/lpcxpresso/tools/bin/../lib/gcc/arm-none-eabi/4.5.1/../../../../arm-none-eabi/lib/thumb2\libcr_c.a(_frexpl.o)
 .comment       0x00000000       0x2b c:/nxp/lpcxpresso_4.0.6_152/lpcxpresso/tools/bin/../lib/gcc/arm-none-eabi/4.5.1/../../../../arm-none-eabi/lib/thumb2\libcr_c.a(_ldexpl.o)
 .comment       0x00000000       0x2b c:/nxp/lpcxpresso_4.0.6_152/lpcxpresso/tools/bin/../lib/gcc/arm-none-eabi/4.5.1/../../../../arm-none-eabi/lib/thumb2\libcr_c.a(_writebuf.o)
 .comment       0x00000000       0x2b c:/nxp/lpcxpresso_4.0.6_152/lpcxpresso/tools/bin/../lib/gcc/arm-none-eabi/4.5.1/../../../../arm-none-eabi/lib/thumb2\libcr_c.a(alloc.o)
 .comment       0x00000000       0x2b c:/nxp/lpcxpresso_4.0.6_152/lpcxpresso/tools/bin/../lib/gcc/arm-none-eabi/4.5.1/../../../../arm-none-eabi/lib/thumb2\libcr_c.a(ctype.o)
 .comment       0x00000000       0x2b c:/nxp/lpcxpresso_4.0.6_152/lpcxpresso/tools/bin/../lib/gcc/arm-none-eabi/4.5.1/../../../../arm-none-eabi/lib/thumb2\libcr_c.a(errno.o)
 .comment       0x00000000       0x2b c:/nxp/lpcxpresso_4.0.6_152/lpcxpresso/tools/bin/../lib/gcc/arm-none-eabi/4.5.1/../../../../arm-none-eabi/lib/thumb2\libcr_c.a(fclose.o)
 .comment       0x00000000       0x2b c:/nxp/lpcxpresso_4.0.6_152/lpcxpresso/tools/bin/../lib/gcc/arm-none-eabi/4.5.1/../../../../arm-none-eabi/lib/thumb2\libcr_c.a(fflush.o)
 .comment       0x00000000       0x2b c:/nxp/lpcxpresso_4.0.6_152/lpcxpresso/tools/bin/../lib/gcc/arm-none-eabi/4.5.1/../../../../arm-none-eabi/lib/thumb2\libcr_c.a(fseek.o)
 .comment       0x00000000       0x2b c:/nxp/lpcxpresso_4.0.6_152/lpcxpresso/tools/bin/../lib/gcc/arm-none-eabi/4.5.1/../../../../arm-none-eabi/lib/thumb2\libcr_c.a(ftell.o)
 .comment       0x00000000       0x2b c:/nxp/lpcxpresso_4.0.6_152/lpcxpresso/tools/bin/../lib/gcc/arm-none-eabi/4.5.1/../../../../arm-none-eabi/lib/thumb2\libcr_c.a(remove.o)
 .comment       0x00000000       0x2b c:/nxp/lpcxpresso_4.0.6_152/lpcxpresso/tools/bin/../lib/gcc/arm-none-eabi/4.5.1/../../../../arm-none-eabi/lib/thumb2\libcr_c.a(memcpy.o)
 .comment       0x00000000       0x2b c:/nxp/lpcxpresso_4.0.6_152/lpcxpresso/tools/bin/../lib/gcc/arm-none-eabi/4.5.1/../../../../arm-none-eabi/lib/thumb2\libcr_c.a(__init_alloc.o)
 .comment       0x00000000       0x2b c:/nxp/lpcxpresso_4.0.6_152/lpcxpresso/tools/bin/../lib/gcc/arm-none-eabi/4.5.1/../../../../arm-none-eabi/lib/thumb2\libcr_c.a(_do_fflush.o)
 .comment       0x00000000       0x2b c:/nxp/lpcxpresso_4.0.6_152/lpcxpresso/tools/bin/../lib/gcc/arm-none-eabi/4.5.1/../../../../arm-none-eabi/lib/thumb2\libcr_c.a(_hugeval.o)
 .comment       0x00000000       0x2b c:/nxp/lpcxpresso_4.0.6_152/lpcxpresso/tools/bin/../lib/gcc/arm-none-eabi/4.5.1/thumb2\libcr_eabihelpers.a(double.o)
 .comment       0x00000000       0x2b c:/nxp/lpcxpresso_4.0.6_152/lpcxpresso/tools/bin/../lib/gcc/arm-none-eabi/4.5.1/../../../../arm-none-eabi/lib/thumb2\libcr_semihost.a(_cr_sbrk.o)
 .comment       0x00000000       0x2b c:/nxp/lpcxpresso_4.0.6_152/lpcxpresso/tools/bin/../lib/gcc/arm-none-eabi/4.5.1/../../../../arm-none-eabi/lib/thumb2\libcr_semihost.a(_cr_check_heap.o)

.ARM.attributes
                0x00000000       0x2f
 .ARM.attributes
                0x00000000       0x31 ./src/RC5.o
 .ARM.attributes
                0x00000031       0x31 ./src/cr_startup_lpc176x.o
 .ARM.attributes
                0x00000062       0x31 ./src/main_kbd.o
 .ARM.attributes
                0x00000093       0x31 L:\CAS\PSE\Workspaces\Mio\V7\Lib_CMSIS\Debug\libLib_CMSIS.a(lpc17xx_gpio.o)
 .ARM.attributes
                0x000000c4       0x31 L:\CAS\PSE\Workspaces\Mio\V7\Lib_CMSIS\Debug\libLib_CMSIS.a(lpc17xx_pinsel.o)
 .ARM.attributes
                0x000000f5       0x31 L:\CAS\PSE\Workspaces\Mio\V7\Lib_CMSIS\Debug\libLib_CMSIS.a(lpc17xx_timer.o)
 .ARM.attributes
                0x00000126       0x31 L:\CAS\PSE\Workspaces\Mio\V7\Lib_CMSIS\Debug\libLib_CMSIS.a(system_LPC17xx.o)
 .ARM.attributes
                0x00000157       0x31 L:\CAS\PSE\Workspaces\Mio\V7\Lib_CMSIS\Debug\libLib_CMSIS.a(lpc17xx_clkpwr.o)
 .ARM.attributes
                0x00000188       0x31 L:\CAS\PSE\Workspaces\Mio\V7\Lib_CMSIS\Debug\libLib_CMSIS.a(lpc17xx_libcfg_default.o)
 .ARM.attributes
                0x000001b9       0x31 L:\CAS\PSE\Workspaces\Mio\V7\LPCUSB_Stack\Debug\libLPCUSB_Stack.a(usbcontrol.o)
 .ARM.attributes
                0x000001ea       0x31 L:\CAS\PSE\Workspaces\Mio\V7\LPCUSB_Stack\Debug\libLPCUSB_Stack.a(usbhw_lpc.o)
 .ARM.attributes
                0x0000021b       0x31 L:\CAS\PSE\Workspaces\Mio\V7\LPCUSB_Stack\Debug\libLPCUSB_Stack.a(usbinit.o)
 .ARM.attributes
                0x0000024c       0x31 L:\CAS\PSE\Workspaces\Mio\V7\LPCUSB_Stack\Debug\libLPCUSB_Stack.a(usbstdreq.o)
 .ARM.attributes
                0x0000027d       0x31 c:/nxp/lpcxpresso_4.0.6_152/lpcxpresso/tools/bin/../lib/gcc/arm-none-eabi/4.5.1/../../../../arm-none-eabi/lib/thumb2\libcr_semihost.a(_cr__main.o)
 .ARM.attributes
                0x000002ae       0x31 c:/nxp/lpcxpresso_4.0.6_152/lpcxpresso/tools/bin/../lib/gcc/arm-none-eabi/4.5.1/../../../../arm-none-eabi/lib/thumb2\libcr_c.a(fpprintf.o)
 .ARM.attributes
                0x000002df       0x31 c:/nxp/lpcxpresso_4.0.6_152/lpcxpresso/tools/bin/../lib/gcc/arm-none-eabi/4.5.1/../../../../arm-none-eabi/lib/thumb2\libcr_c.a(initio.o)
 .ARM.attributes
                0x00000310       0x31 c:/nxp/lpcxpresso_4.0.6_152/lpcxpresso/tools/bin/../lib/gcc/arm-none-eabi/4.5.1/../../../../arm-none-eabi/lib/thumb2\libcr_c.a(printf.o)
 .ARM.attributes
                0x00000341       0x31 c:/nxp/lpcxpresso_4.0.6_152/lpcxpresso/tools/bin/../lib/gcc/arm-none-eabi/4.5.1/../../../../arm-none-eabi/lib/thumb2\libcr_c.a(setvbuf.o)
 .ARM.attributes
                0x00000372       0x31 c:/nxp/lpcxpresso_4.0.6_152/lpcxpresso/tools/bin/../lib/gcc/arm-none-eabi/4.5.1/../../../../arm-none-eabi/lib/thumb2\libcr_c.a(stdio.o)
 .ARM.attributes
                0x000003a3       0x31 c:/nxp/lpcxpresso_4.0.6_152/lpcxpresso/tools/bin/../lib/gcc/arm-none-eabi/4.5.1/../../../../arm-none-eabi/lib/thumb2\libcr_c.a(strlen.o)
 .ARM.attributes
                0x000003d4       0x31 c:/nxp/lpcxpresso_4.0.6_152/lpcxpresso/tools/bin/../lib/gcc/arm-none-eabi/4.5.1/../../../../arm-none-eabi/lib/thumb2\libcr_c.a(memset.o)
 .ARM.attributes
                0x00000405       0x31 c:/nxp/lpcxpresso_4.0.6_152/lpcxpresso/tools/bin/../lib/gcc/arm-none-eabi/4.5.1/../../../../arm-none-eabi/lib/thumb2\libcr_c.a(__fillbuf.o)
 .ARM.attributes
                0x00000436       0x31 c:/nxp/lpcxpresso_4.0.6_152/lpcxpresso/tools/bin/../lib/gcc/arm-none-eabi/4.5.1/../../../../arm-none-eabi/lib/thumb2\libcr_c.a(_deferredlazyseek.o)
 .ARM.attributes
                0x00000467       0x31 c:/nxp/lpcxpresso_4.0.6_152/lpcxpresso/tools/bin/../lib/gcc/arm-none-eabi/4.5.1/../../../../arm-none-eabi/lib/thumb2\libcr_c.a(_fdopen.o)
 .ARM.attributes
                0x00000498       0x31 c:/nxp/lpcxpresso_4.0.6_152/lpcxpresso/tools/bin/../lib/gcc/arm-none-eabi/4.5.1/../../../../arm-none-eabi/lib/thumb2\libcr_c.a(_fflush.o)
 .ARM.attributes
                0x000004c9       0x31 c:/nxp/lpcxpresso_4.0.6_152/lpcxpresso/tools/bin/../lib/gcc/arm-none-eabi/4.5.1/../../../../arm-none-eabi/lib/thumb2\libcr_c.a(_frexpl.o)
 .ARM.attributes
                0x000004fa       0x31 c:/nxp/lpcxpresso_4.0.6_152/lpcxpresso/tools/bin/../lib/gcc/arm-none-eabi/4.5.1/../../../../arm-none-eabi/lib/thumb2\libcr_c.a(_ldexpl.o)
 .ARM.attributes
                0x0000052b       0x31 c:/nxp/lpcxpresso_4.0.6_152/lpcxpresso/tools/bin/../lib/gcc/arm-none-eabi/4.5.1/../../../../arm-none-eabi/lib/thumb2\libcr_c.a(_writebuf.o)
 .ARM.attributes
                0x0000055c       0x31 c:/nxp/lpcxpresso_4.0.6_152/lpcxpresso/tools/bin/../lib/gcc/arm-none-eabi/4.5.1/../../../../arm-none-eabi/lib/thumb2\libcr_c.a(alloc.o)
 .ARM.attributes
                0x0000058d       0x31 c:/nxp/lpcxpresso_4.0.6_152/lpcxpresso/tools/bin/../lib/gcc/arm-none-eabi/4.5.1/../../../../arm-none-eabi/lib/thumb2\libcr_c.a(ctype.o)
 .ARM.attributes
                0x000005be       0x31 c:/nxp/lpcxpresso_4.0.6_152/lpcxpresso/tools/bin/../lib/gcc/arm-none-eabi/4.5.1/../../../../arm-none-eabi/lib/thumb2\libcr_c.a(errno.o)
 .ARM.attributes
                0x000005ef       0x31 c:/nxp/lpcxpresso_4.0.6_152/lpcxpresso/tools/bin/../lib/gcc/arm-none-eabi/4.5.1/../../../../arm-none-eabi/lib/thumb2\libcr_c.a(fclose.o)
 .ARM.attributes
                0x00000620       0x31 c:/nxp/lpcxpresso_4.0.6_152/lpcxpresso/tools/bin/../lib/gcc/arm-none-eabi/4.5.1/../../../../arm-none-eabi/lib/thumb2\libcr_c.a(fflush.o)
 .ARM.attributes
                0x00000651       0x31 c:/nxp/lpcxpresso_4.0.6_152/lpcxpresso/tools/bin/../lib/gcc/arm-none-eabi/4.5.1/../../../../arm-none-eabi/lib/thumb2\libcr_c.a(fseek.o)
 .ARM.attributes
                0x00000682       0x31 c:/nxp/lpcxpresso_4.0.6_152/lpcxpresso/tools/bin/../lib/gcc/arm-none-eabi/4.5.1/../../../../arm-none-eabi/lib/thumb2\libcr_c.a(ftell.o)
 .ARM.attributes
                0x000006b3       0x31 c:/nxp/lpcxpresso_4.0.6_152/lpcxpresso/tools/bin/../lib/gcc/arm-none-eabi/4.5.1/../../../../arm-none-eabi/lib/thumb2\libcr_c.a(remove.o)
 .ARM.attributes
                0x000006e4       0x31 c:/nxp/lpcxpresso_4.0.6_152/lpcxpresso/tools/bin/../lib/gcc/arm-none-eabi/4.5.1/../../../../arm-none-eabi/lib/thumb2\libcr_c.a(memcpy.o)
 .ARM.attributes
                0x00000715       0x31 c:/nxp/lpcxpresso_4.0.6_152/lpcxpresso/tools/bin/../lib/gcc/arm-none-eabi/4.5.1/../../../../arm-none-eabi/lib/thumb2\libcr_c.a(__init_alloc.o)
 .ARM.attributes
                0x00000746       0x31 c:/nxp/lpcxpresso_4.0.6_152/lpcxpresso/tools/bin/../lib/gcc/arm-none-eabi/4.5.1/../../../../arm-none-eabi/lib/thumb2\libcr_c.a(_do_fflush.o)
 .ARM.attributes
                0x00000777       0x31 c:/nxp/lpcxpresso_4.0.6_152/lpcxpresso/tools/bin/../lib/gcc/arm-none-eabi/4.5.1/../../../../arm-none-eabi/lib/thumb2\libcr_c.a(_hugeval.o)
 .ARM.attributes
                0x000007a8       0x21 c:/nxp/lpcxpresso_4.0.6_152/lpcxpresso/tools/bin/../lib/gcc/arm-none-eabi/4.5.1/thumb2\libcr_eabihelpers.a(division.o)
 .ARM.attributes
                0x000007c9       0x31 c:/nxp/lpcxpresso_4.0.6_152/lpcxpresso/tools/bin/../lib/gcc/arm-none-eabi/4.5.1/thumb2\libcr_eabihelpers.a(double.o)
 .ARM.attributes
                0x000007fa       0x21 c:/nxp/lpcxpresso_4.0.6_152/lpcxpresso/tools/bin/../lib/gcc/arm-none-eabi/4.5.1/thumb2\libcr_eabihelpers.a(memcpy.o)
 .ARM.attributes
                0x0000081b       0x21 c:/nxp/lpcxpresso_4.0.6_152/lpcxpresso/tools/bin/../lib/gcc/arm-none-eabi/4.5.1/../../../../arm-none-eabi/lib/thumb2\libcr_semihost.a(__sys_appexit.o)
 .ARM.attributes
                0x0000083c       0x21 c:/nxp/lpcxpresso_4.0.6_152/lpcxpresso/tools/bin/../lib/gcc/arm-none-eabi/4.5.1/../../../../arm-none-eabi/lib/thumb2\libcr_semihost.a(__sys_close.o)
 .ARM.attributes
                0x0000085d       0x21 c:/nxp/lpcxpresso_4.0.6_152/lpcxpresso/tools/bin/../lib/gcc/arm-none-eabi/4.5.1/../../../../arm-none-eabi/lib/thumb2\libcr_semihost.a(__sys_flen.o)
 .ARM.attributes
                0x0000087e       0x21 c:/nxp/lpcxpresso_4.0.6_152/lpcxpresso/tools/bin/../lib/gcc/arm-none-eabi/4.5.1/../../../../arm-none-eabi/lib/thumb2\libcr_semihost.a(__sys_istty.o)
 .ARM.attributes
                0x0000089f       0x21 c:/nxp/lpcxpresso_4.0.6_152/lpcxpresso/tools/bin/../lib/gcc/arm-none-eabi/4.5.1/../../../../arm-none-eabi/lib/thumb2\libcr_semihost.a(__sys_read.o)
 .ARM.attributes
                0x000008c0       0x21 c:/nxp/lpcxpresso_4.0.6_152/lpcxpresso/tools/bin/../lib/gcc/arm-none-eabi/4.5.1/../../../../arm-none-eabi/lib/thumb2\libcr_semihost.a(__sys_readc.o)
 .ARM.attributes
                0x000008e1       0x21 c:/nxp/lpcxpresso_4.0.6_152/lpcxpresso/tools/bin/../lib/gcc/arm-none-eabi/4.5.1/../../../../arm-none-eabi/lib/thumb2\libcr_semihost.a(__sys_remove.o)
 .ARM.attributes
                0x00000902       0x21 c:/nxp/lpcxpresso_4.0.6_152/lpcxpresso/tools/bin/../lib/gcc/arm-none-eabi/4.5.1/../../../../arm-none-eabi/lib/thumb2\libcr_semihost.a(__sys_rename.o)
 .ARM.attributes
                0x00000923       0x21 c:/nxp/lpcxpresso_4.0.6_152/lpcxpresso/tools/bin/../lib/gcc/arm-none-eabi/4.5.1/../../../../arm-none-eabi/lib/thumb2\libcr_semihost.a(__sys_seek.o)
 .ARM.attributes
                0x00000944       0x21 c:/nxp/lpcxpresso_4.0.6_152/lpcxpresso/tools/bin/../lib/gcc/arm-none-eabi/4.5.1/../../../../arm-none-eabi/lib/thumb2\libcr_semihost.a(__sys_tmpnam.o)
 .ARM.attributes
                0x00000965       0x21 c:/nxp/lpcxpresso_4.0.6_152/lpcxpresso/tools/bin/../lib/gcc/arm-none-eabi/4.5.1/../../../../arm-none-eabi/lib/thumb2\libcr_semihost.a(__sys_write.o)
 .ARM.attributes
                0x00000986       0x31 c:/nxp/lpcxpresso_4.0.6_152/lpcxpresso/tools/bin/../lib/gcc/arm-none-eabi/4.5.1/../../../../arm-none-eabi/lib/thumb2\libcr_semihost.a(_cr_sbrk.o)
 .ARM.attributes
                0x000009b7       0x31 c:/nxp/lpcxpresso_4.0.6_152/lpcxpresso/tools/bin/../lib/gcc/arm-none-eabi/4.5.1/../../../../arm-none-eabi/lib/thumb2\libcr_semihost.a(_cr_check_heap.o)

.debug_frame    0x00000000      0xe78
 .debug_frame   0x00000000       0xbc ./src/RC5.o
 .debug_frame   0x000000bc       0xf0 ./src/cr_startup_lpc176x.o
 .debug_frame   0x000001ac       0xa8 ./src/main_kbd.o
 .debug_frame   0x00000254      0x378 L:\CAS\PSE\Workspaces\Mio\V7\Lib_CMSIS\Debug\libLib_CMSIS.a(lpc17xx_gpio.o)
 .debug_frame   0x000005cc       0xbc L:\CAS\PSE\Workspaces\Mio\V7\Lib_CMSIS\Debug\libLib_CMSIS.a(lpc17xx_pinsel.o)
 .debug_frame   0x00000688      0x208 L:\CAS\PSE\Workspaces\Mio\V7\Lib_CMSIS\Debug\libLib_CMSIS.a(lpc17xx_timer.o)
 .debug_frame   0x00000890       0x40 L:\CAS\PSE\Workspaces\Mio\V7\Lib_CMSIS\Debug\libLib_CMSIS.a(system_LPC17xx.o)
 .debug_frame   0x000008d0      0x10c L:\CAS\PSE\Workspaces\Mio\V7\Lib_CMSIS\Debug\libLib_CMSIS.a(lpc17xx_clkpwr.o)
 .debug_frame   0x000009dc       0x2c L:\CAS\PSE\Workspaces\Mio\V7\Lib_CMSIS\Debug\libLib_CMSIS.a(lpc17xx_libcfg_default.o)
 .debug_frame   0x00000a08       0xac L:\CAS\PSE\Workspaces\Mio\V7\LPCUSB_Stack\Debug\libLPCUSB_Stack.a(usbcontrol.o)
 .debug_frame   0x00000ab4      0x27c L:\CAS\PSE\Workspaces\Mio\V7\LPCUSB_Stack\Debug\libLPCUSB_Stack.a(usbhw_lpc.o)
 .debug_frame   0x00000d30       0x48 L:\CAS\PSE\Workspaces\Mio\V7\LPCUSB_Stack\Debug\libLPCUSB_Stack.a(usbinit.o)
 .debug_frame   0x00000d78      0x100 L:\CAS\PSE\Workspaces\Mio\V7\LPCUSB_Stack\Debug\libLPCUSB_Stack.a(usbstdreq.o)
